const com.bankofstarsector.banking.CreditBureau$Category BUSINESS
const com.bankofstarsector.banking.CreditBureau$Category LINE
const com.bankofstarsector.banking.CreditBureau$Category PERSONAL
const com.bankofstarsector.banking.CreditBureau$Category REVOLVING
const com.bankofstarsector.banking.CreditBureau$EventType CHARGE_OFF
const com.bankofstarsector.banking.CreditBureau$EventType LATE_120
const com.bankofstarsector.banking.CreditBureau$EventType LATE_30
const com.bankofstarsector.banking.CreditBureau$EventType LATE_60
const com.bankofstarsector.banking.CreditBureau$EventType LATE_90
const com.bankofstarsector.banking.CreditBureau$EventType REPOSSESSION
const com.bankofstarsector.banking.InvestmentType BONDS
const com.bankofstarsector.banking.InvestmentType COMMODITIES
const com.bankofstarsector.banking.InvestmentType MILITARY
const com.bankofstarsector.banking.InvestmentType SAVINGS
const com.bankofstarsector.banking.InvestmentType VENTURE
const com.bankofstarsector.banking.LoanStatus ACTIVE
const com.bankofstarsector.banking.LoanStatus DEFAULTED
const com.bankofstarsector.banking.LoanStatus OVERDUE
const com.bankofstarsector.banking.LoanStatus PAID_OFF
const com.bankofstarsector.banking.LoanStatus SEIZED
const com.bankofstarsector.banking.LoanType BUILDER
const com.bankofstarsector.banking.LoanType CORPORATE
const com.bankofstarsector.banking.LoanType CREDIT_LINE
const com.bankofstarsector.banking.LoanType EMERGENCY
const com.bankofstarsector.banking.LoanType MEGACORP
const com.bankofstarsector.banking.LoanType SMALL
const com.bankofstarsector.banking.LoanType SOVEREIGN
const com.bankofstarsector.collection.BankruptcyManager$BankruptcyState ACTIVE
const com.bankofstarsector.collection.BankruptcyManager$BankruptcyState FILED
const com.bankofstarsector.collection.BankruptcyManager$BankruptcyState NONE
const com.bankofstarsector.collection.BankruptcyManager$BankruptcyState RECOVERY
field com.bankofstarsector.banking.BankAccount accountId java.lang.String
field com.bankofstarsector.banking.BankAccount accumulatedReturns float
field com.bankofstarsector.banking.BankAccount amountPastDue float
field com.bankofstarsector.banking.BankAccount autopayFull boolean
field com.bankofstarsector.banking.BankAccount baseMonthlyRate float
field com.bankofstarsector.banking.BankAccount createdTimestamp long
field com.bankofstarsector.banking.BankAccount creditLimit float
field com.bankofstarsector.banking.BankAccount currentBill float
field com.bankofstarsector.banking.BankAccount currentValue float
field com.bankofstarsector.banking.BankAccount daysOverdue int
field com.bankofstarsector.banking.BankAccount heldFunds float
field com.bankofstarsector.banking.BankAccount investedAmount float
field com.bankofstarsector.banking.BankAccount investmentType com.bankofstarsector.banking.InvestmentType
field com.bankofstarsector.banking.BankAccount isLoan boolean
field com.bankofstarsector.banking.BankAccount lastInterest float
field com.bankofstarsector.banking.BankAccount loanType com.bankofstarsector.banking.LoanType
field com.bankofstarsector.banking.BankAccount lockMonthsRemaining int
field com.bankofstarsector.banking.BankAccount missedPayments int
field com.bankofstarsector.banking.BankAccount monthlyRate float
field com.bankofstarsector.banking.BankAccount monthsElapsed int
field com.bankofstarsector.banking.BankAccount onTimeStreak int
field com.bankofstarsector.banking.BankAccount paidSinceStatement float
field com.bankofstarsector.banking.BankAccount principal float
field com.bankofstarsector.banking.BankAccount remainingBalance float
field com.bankofstarsector.banking.BankAccount statementBalance float
field com.bankofstarsector.banking.BankAccount status com.bankofstarsector.banking.LoanStatus
field com.bankofstarsector.banking.BankAccount termMonths int
field com.bankofstarsector.banking.CreditBureau bankruptcyTs long
field com.bankofstarsector.banking.CreditBureau inquiries java.util.List<com.bankofstarsector.banking.CreditBureau$Inquiry>
field com.bankofstarsector.banking.CreditBureau last com.bankofstarsector.banking.CreditBureau$Result
field com.bankofstarsector.banking.CreditBureau tradelines java.util.List<com.bankofstarsector.banking.CreditBureau$Tradeline>
field com.bankofstarsector.banking.CreditBureau$Event ts long
field com.bankofstarsector.banking.CreditBureau$Event type com.bankofstarsector.banking.CreditBureau$EventType
field com.bankofstarsector.banking.CreditBureau$Inquiry category com.bankofstarsector.banking.CreditBureau$Category
field com.bankofstarsector.banking.CreditBureau$Inquiry counts boolean
field com.bankofstarsector.banking.CreditBureau$Inquiry ts long
field com.bankofstarsector.banking.CreditBureau$Result accountsOpened12 int
field com.bankofstarsector.banking.CreditBureau$Result amounts float
field com.bankofstarsector.banking.CreditBureau$Result averageMonths float
field com.bankofstarsector.banking.CreditBureau$Result balanceRatio float
field com.bankofstarsector.banking.CreditBureau$Result bankruptcyOnFile boolean
field com.bankofstarsector.banking.CreditBureau$Result chargeOffs int
field com.bankofstarsector.banking.CreditBureau$Result closedAccounts int
field com.bankofstarsector.banking.CreditBureau$Result inquiries12 int
field com.bankofstarsector.banking.CreditBureau$Result late120 int
field com.bankofstarsector.banking.CreditBureau$Result late30 int
field com.bankofstarsector.banking.CreditBureau$Result late60 int
field com.bankofstarsector.banking.CreditBureau$Result late90 int
field com.bankofstarsector.banking.CreditBureau$Result length float
field com.bankofstarsector.banking.CreditBureau$Result mix float
field com.bankofstarsector.banking.CreditBureau$Result monthsOnTime int
field com.bankofstarsector.banking.CreditBureau$Result newCredit float
field com.bankofstarsector.banking.CreditBureau$Result oldestMonths float
field com.bankofstarsector.banking.CreditBureau$Result openAccounts int
field com.bankofstarsector.banking.CreditBureau$Result pastDueNow boolean
field com.bankofstarsector.banking.CreditBureau$Result payment float
field com.bankofstarsector.banking.CreditBureau$Result reasons java.util.List<java.lang.String>
field com.bankofstarsector.banking.CreditBureau$Result repossessions int
field com.bankofstarsector.banking.CreditBureau$Result revolvingBalance float
field com.bankofstarsector.banking.CreditBureau$Result revolvingLimit float
field com.bankofstarsector.banking.CreditBureau$Result score java.lang.Integer
field com.bankofstarsector.banking.CreditBureau$Result utilization float
field com.bankofstarsector.banking.CreditBureau$Tradeline accountId java.lang.String
field com.bankofstarsector.banking.CreditBureau$Tradeline category com.bankofstarsector.banking.CreditBureau$Category
field com.bankofstarsector.banking.CreditBureau$Tradeline chargedOff boolean
field com.bankofstarsector.banking.CreditBureau$Tradeline closedByEnforcement boolean
field com.bankofstarsector.banking.CreditBureau$Tradeline closedTs long
field com.bankofstarsector.banking.CreditBureau$Tradeline creditLimit float
field com.bankofstarsector.banking.CreditBureau$Tradeline events java.util.List<com.bankofstarsector.banking.CreditBureau$Event>
field com.bankofstarsector.banking.CreditBureau$Tradeline lastReportedTs long
field com.bankofstarsector.banking.CreditBureau$Tradeline loanType com.bankofstarsector.banking.LoanType
field com.bankofstarsector.banking.CreditBureau$Tradeline monthsOnTime int
field com.bankofstarsector.banking.CreditBureau$Tradeline monthsReported int
field com.bankofstarsector.banking.CreditBureau$Tradeline openedTs long
field com.bankofstarsector.banking.CreditBureau$Tradeline originalAmount float
field com.bankofstarsector.banking.CreditBureau$Tradeline pastDueNow boolean
field com.bankofstarsector.banking.CreditBureau$Tradeline reportedBalance float
field com.bankofstarsector.banking.CreditScoreManager bureau com.bankofstarsector.banking.CreditBureau
field com.bankofstarsector.banking.CreditScoreManager creditScore int
field com.bankofstarsector.banking.CreditScoreManager hadDefaultThisMonth boolean
field com.bankofstarsector.banking.CreditScoreManager lastFactors float[]
field com.bankofstarsector.banking.CreditScoreManager latePaymentsThisMonth int
field com.bankofstarsector.banking.CreditScoreManager loansPayedOffThisMonth int
field com.bankofstarsector.banking.CreditScoreManager onTimePaymentsThisMonth int
field com.bankofstarsector.banking.CreditScoreManager scoreChanges java.util.List<java.lang.String>
field com.bankofstarsector.banking.CreditScoreManager scoreHistory java.util.List<java.lang.Integer>
field com.bankofstarsector.banking.InterestEngine random java.util.Random
field com.bankofstarsector.banking.InvestmentManager investments java.util.List<com.bankofstarsector.banking.BankAccount>
field com.bankofstarsector.banking.LoanManager loans java.util.List<com.bankofstarsector.banking.BankAccount>
field com.bankofstarsector.collection.AssetSeizureManager factionDebts java.util.Map<java.lang.String, java.lang.Float>
field com.bankofstarsector.collection.AssetSeizureManager garnishedMarkets java.util.Set<java.lang.String>
field com.bankofstarsector.collection.AssetSeizureManager playerGarnished boolean
field com.bankofstarsector.collection.BankruptcyManager noInvestDaysRemaining int
field com.bankofstarsector.collection.BankruptcyManager noLoansDaysRemaining int
field com.bankofstarsector.collection.BankruptcyManager recoveryDaysRemaining int
field com.bankofstarsector.collection.BankruptcyManager state com.bankofstarsector.collection.BankruptcyManager$BankruptcyState
field com.bankofstarsector.collection.BankruptcyManager stigmaApplied boolean
field com.bankofstarsector.collection.CollectionFleetScript daysActive float
field com.bankofstarsector.collection.CollectionFleetScript done boolean
field com.bankofstarsector.collection.CollectionFleetScript fleet com.fs.starfarer.api.campaign.CampaignFleetAPI
field com.bankofstarsector.collection.CollectionFleetScript fleetSpawned boolean
field com.bankofstarsector.collection.CollectionFleetScript loanAccountId java.lang.String
field com.bankofstarsector.collection.CollectionFleetScript targetFP int
field com.bankofstarsector.collection.CollectionManager fleetsDefeated java.util.Map<java.lang.String, java.lang.Integer>
field com.bankofstarsector.collection.CollectionManager phase1Notified java.util.Set<java.lang.String>
field com.bankofstarsector.collection.CollectionManager phase2Notified java.util.Set<java.lang.String>
field com.bankofstarsector.collection.CollectionManager phase3FleetDispatched java.util.Set<java.lang.String>
field com.bankofstarsector.collection.CollectionManager phase4Notified java.util.Set<java.lang.String>
field com.bankofstarsector.collection.CollectionManager retryCooldown java.util.Map<java.lang.String, java.lang.Integer>
field com.bankofstarsector.core.BankData assetSeizureManager com.bankofstarsector.collection.AssetSeizureManager
field com.bankofstarsector.core.BankData autopayEnabled boolean
field com.bankofstarsector.core.BankData bankruptcyManager com.bankofstarsector.collection.BankruptcyManager
field com.bankofstarsector.core.BankData collectionManager com.bankofstarsector.collection.CollectionManager
field com.bankofstarsector.core.BankData creditScoreManager com.bankofstarsector.banking.CreditScoreManager
field com.bankofstarsector.core.BankData interestEngine com.bankofstarsector.banking.InterestEngine
field com.bankofstarsector.core.BankData investmentManager com.bankofstarsector.banking.InvestmentManager
field com.bankofstarsector.core.BankData lastDayTimestamp long
field com.bankofstarsector.core.BankData loanManager com.bankofstarsector.banking.LoanManager
field com.bankofstarsector.core.BankData nextAccountNumber int
field com.bankofstarsector.core.BankData transactionHistory java.util.List<com.bankofstarsector.core.BankData$TransactionRecord>
field com.bankofstarsector.core.BankData$TransactionRecord amount float
field com.bankofstarsector.core.BankData$TransactionRecord description java.lang.String
field com.bankofstarsector.core.BankData$TransactionRecord timestamp long
field com.bankofstarsector.core.BankData$TransactionRecord type java.lang.String
field com.bankofstarsector.faction.PBCPostInitScript done boolean
field com.bankofstarsector.intel.BankingIntelPlugin currentTab java.lang.String
field com.bankofstarsector.intel.BankingIntelPlugin pendingInvestType java.lang.String
field com.bankofstarsector.intel.BankingIntelPlugin pendingLoanType java.lang.String
field com.bankofstarsector.intel.CollectionIntelPlugin debtAmount float
field com.bankofstarsector.intel.CollectionIntelPlugin ended boolean
field com.bankofstarsector.intel.CollectionIntelPlugin loanAccountId java.lang.String
field com.bankofstarsector.intel.LoanIntelPlugin description java.lang.String
field com.bankofstarsector.intel.LoanIntelPlugin ended boolean
field com.bankofstarsector.intel.LoanIntelPlugin loanAccountId java.lang.String
field com.bankofstarsector.intel.LoanIntelPlugin phase int
field com.bankofstarsector.intel.LoanIntelPlugin title java.lang.String
